<html>
<body>
<pre>
<h1>µVision Build Log</h1>
<h2>Tool Versions:</h2>
IDE-Version: µVision V5.29.0.0
Copyright (C) 2019 ARM Ltd and ARM Germany GmbH. All rights reserved.
License Information: Bedirhan Önder, Itu, LIC=----
 
Tool Versions:
Toolchain:       MDK-Lite  Version: 5.29.0.0
Toolchain Path:  D:\Kail\ARM\ARMCC\Bin
C Compiler:      Armcc.exe V5.06 update 6 (build 750)
Assembler:       Armasm.exe V5.06 update 6 (build 750)
Linker/Locator:  ArmLink.exe V5.06 update 6 (build 750)
Library Manager: ArmAr.exe V5.06 update 6 (build 750)
Hex Converter:   FromElf.exe V5.06 update 6 (build 750)
CPU DLL:         SARMCM3.DLL V5.29.0.0
Dialog DLL:      DCM.DLL V1.17.3.0
Target DLL:      STLink\ST-LINKIII-KEIL_SWO.dll V3.0.7.0
Dialog DLL:      TCM.DLL V1.36.5.0
 
<h2>Project:</h2>
D:\Github\rake-electronic-controller-2021\rake_motor_drivers\MDK-ARM\rake_motor_drivers.uvprojx
Project File Date:  01/02/2021

<h2>Output:</h2>
*** Using Compiler 'V5.06 update 6 (build 750)', folder: 'D:\Kail\ARM\ARMCC\Bin'
Rebuild target 'rake_motor_drivers'
compiling rake_stm32_can_lib.c...
assembling startup_stm32f103xb.s...
compiling rake_stm32_pid_lib.c...
compiling rake_stm32_timer_lib.c...
compiling main.c...
compiling rake_stm32_motor_lib.c...
..\Lib\rake_stm32_motor_lib.c(33): warning:  #550-D: variable "motorPin"  was set but never used
  	uint32_t motorPin;
..\Lib\rake_stm32_motor_lib.c: 1 warning, 0 errors
compiling rake_stm32_uart_lib.c...
..\Lib\rake_stm32_uart_lib.c(61): warning:  #167-D: argument of type "unsigned char *" is incompatible with parameter of type "char *restrict"
  		uart->txBufferLen = sprintf(uart->txBuffer, "S%d%d%d%dCF",             // !!!! burada bir warning var buna bakilmasi gerek !!!!
..\Lib\rake_stm32_uart_lib.c: 1 warning, 0 errors
compiling rake_stm32_encoder_lib.c...
compiling rake_stm32_extra_lib.c...
..\Lib\rake_stm32_extra_lib.c(66): warning:  #188-D: enumerated type mixed with another type
  			HAL_GPIO_WritePin(DATA_GPIO_Port, DATA_Pin, shiftingData[bitCount]);
..\Lib\rake_stm32_extra_lib.c: 1 warning, 0 errors
compiling stm32f1xx_it.c...
compiling stm32f1xx_hal_gpio_ex.c...
compiling stm32f1xx_hal_can.c...
compiling stm32f1xx_hal_msp.c...
compiling stm32f1xx_hal_uart.c...
compiling stm32f1xx_hal_tim_ex.c...
compiling stm32f1xx_hal_tim.c...
compiling stm32f1xx_hal.c...
compiling stm32f1xx_hal_cortex.c...
compiling stm32f1xx_hal_rcc_ex.c...
compiling stm32f1xx_hal_gpio.c...
compiling stm32f1xx_hal_dma.c...
compiling stm32f1xx_hal_rcc.c...
compiling stm32f1xx_hal_pwr.c...
compiling stm32f1xx_hal_flash.c...
compiling system_stm32f1xx.c...
compiling stm32f1xx_hal_flash_ex.c...
linking...
Program Size: Code=11360 RO-data=308 RW-data=16 ZI-data=1488  
FromELF: creating hex file...
"rake_motor_drivers\rake_motor_drivers.axf" - 0 Error(s), 3 Warning(s).

<h2>Software Packages used:</h2>

Package Vendor: ARM
                http://www.keil.com/pack/ARM.CMSIS.5.6.0.pack
                ARM.CMSIS.5.6.0
                CMSIS (Cortex Microcontroller Software Interface Standard)
   * Component: CORE Version: 5.3.0

Package Vendor: Keil
                http://www.keil.com/pack/Keil.STM32F1xx_DFP.2.3.0.pack
                Keil.STM32F1xx_DFP.2.3.0
                STMicroelectronics STM32F1 Series Device Support, Drivers and Examples

<h2>Collection of Component include folders:</h2>
  .\RTE\_rake_motor_drivers
  D:\Kailpacks\ARM\CMSIS\5.6.0\CMSIS\Core\Include
  D:\Kailpacks\Keil\STM32F1xx_DFP\2.3.0\Device\Include

<h2>Collection of Component Files used:</h2>

   * Component: ARM::CMSIS:CORE:5.3.0
Build Time Elapsed:  00:00:09
</pre>
</body>
</html>
